2026-09-03T11:19:43+00:00 INFO    [event=application.started] IPTV-API 版本: 3.0.0 (构建时间: 2026-08-07 11:45:59)
2026-09-03T11:19:43+00:00 INFO    [phase=prepare event=network.ipv6.checking] 🛜 正在检查当前网络是否支持IPv6...
2026-09-03T11:19:44+00:00 WARNING [phase=prepare event=network.ipv6.unsupported] 当前网络不支持IPv6，别担心，IPv6的结果会被保存下来
2026-09-03T11:19:44+00:00 INFO    [run=d3dde48b387e4e408f6e994f2944dcd9 phase=prepare event=run.started] 性能模式: auto → balance，可用资源: 4.0 CPU / 15.61 GB，并发: 测速 10、媒体探测 2、源抓取 8
2026-09-03T11:19:44+00:00 INFO    [run=d3dde48b387e4e408f6e994f2944dcd9 phase=prepare event=channels.catalog_loaded] 频道目录已加载：白名单 0，黑名单 2，台标 21
2026-09-03T11:19:44+00:00 INFO    [run=d3dde48b387e4e408f6e994f2944dcd9 phase=fetch event=sources.subscribe.summary] 订阅源数量：6，订阅白名单数量：0，停用地址数量：0，有效总数量：6
2026-09-03T11:19:44+00:00 INFO    [run=d3dde48b387e4e408f6e994f2944dcd9 phase=fetch event=progress.started] 正在进行获取订阅源  0/6
2026-09-03T11:19:44+00:00 INFO    [run=d3dde48b387e4e408f6e994f2944dcd9 phase=fetch event=sources.epg.summary] EPG源数量：1，EPG白名单数量：0，停用地址数量：0，有效总数量：1
2026-09-03T11:19:44+00:00 INFO    [run=d3dde48b387e4e408f6e994f2944dcd9 phase=fetch event=progress.started] 正在进行获取EPG源  0/1
2026-09-03T11:19:45+00:00 INFO    [run=d3dde48b387e4e408f6e994f2944dcd9 phase=fetch event=progress.updated] 正在进行获取订阅源  1/6 (16%)  剩余 5
2026-09-03T11:19:45+00:00 INFO    [run=d3dde48b387e4e408f6e994f2944dcd9 phase=fetch event=progress.updated] 正在进行获取订阅源  2/6 (33%)  剩余 4
2026-09-03T11:19:45+00:00 INFO    [run=d3dde48b387e4e408f6e994f2944dcd9 phase=fetch event=progress.updated] 正在进行获取订阅源  3/6 (50%)  剩余 3
2026-09-03T11:19:45+00:00 INFO    [run=d3dde48b387e4e408f6e994f2944dcd9 phase=fetch event=progress.updated] 正在进行获取订阅源  4/6 (66%)  剩余 2
2026-09-03T11:19:45+00:00 INFO    [run=d3dde48b387e4e408f6e994f2944dcd9 phase=fetch event=progress.updated] 正在进行获取订阅源  5/6 (83%)  剩余 1
2026-09-03T11:19:45+00:00 INFO    [run=d3dde48b387e4e408f6e994f2944dcd9 phase=fetch event=progress.updated] 正在进行获取订阅源  6/6 (100%)  剩余 0
2026-09-03T11:19:45+00:00 INFO    [run=d3dde48b387e4e408f6e994f2944dcd9 phase=fetch event=epg.source_parsed] EPG 源解析完成：http://e.erw.cc/e.xml.gz，保留节目 3772 条
2026-09-03T11:19:45+00:00 INFO    [run=d3dde48b387e4e408f6e994f2944dcd9 phase=fetch event=progress.updated] 正在进行获取EPG源  1/1 (100%)  剩余 0
2026-09-03T11:19:45+00:00 INFO    [run=d3dde48b387e4e408f6e994f2944dcd9 phase=fetch event=sources.subscribe.finished] 订阅源: ✅ 有效地址数量：6，⛔ 停用地址数量：0
2026-09-03T11:19:45+00:00 INFO    [run=d3dde48b387e4e408f6e994f2944dcd9 phase=fetch event=progress.finished] 正在进行获取订阅源  6/6  未匹配 4021
2026-09-03T11:19:45+00:00 INFO    [run=d3dde48b387e4e408f6e994f2944dcd9 phase=fetch event=sources.epg.finished] EPG源: ✅ 有效地址数量：1，⛔ 停用地址数量：0
2026-09-03T11:19:45+00:00 INFO    [run=d3dde48b387e4e408f6e994f2944dcd9 phase=fetch event=progress.finished] 正在进行获取EPG源  1/1  匹配 105 个频道
2026-09-03T11:20:22+00:00 INFO    [run=d3dde48b387e4e408f6e994f2944dcd9 phase=aggregate event=channels.aggregated] 频道数据聚合完成：153 个频道，781 个接口（IPv4 574 / IPv6 207）
2026-09-03T11:20:22+00:00 INFO    [run=d3dde48b387e4e408f6e994f2944dcd9 phase=speed_test event=speed_test.planned] 总接口数量: 699, 需要进行测速的接口数量: 518
2026-09-03T11:20:22+00:00 INFO    [run=d3dde48b387e4e408f6e994f2944dcd9 phase=speed_test event=progress.started] 测速  0/518
2026-09-03T11:20:22+00:00 INFO    [run=d3dde48b387e4e408f6e994f2944dcd9 phase=speed_test event=progress.updated] 测速  1/518 (0%)  有效 0  失败 1  CCTV-1
2026-09-03T11:20:52+00:00 INFO    [run=d3dde48b387e4e408f6e994f2944dcd9 phase=speed_test event=progress.updated] 测速  49/518 (9%)  有效 6  失败 43  CCTV-5
2026-09-03T11:21:20+00:00 INFO    [run=d3dde48b387e4e408f6e994f2944dcd9 phase=speed_test event=progress.updated] 测速  99/518 (19%)  有效 14  失败 85  CCTV-12
2026-09-03T11:21:46+00:00 INFO    [run=d3dde48b387e4e408f6e994f2944dcd9 phase=speed_test event=progress.updated] 测速  151/518 (29%)  有效 23  失败 128  CCTV-17
2026-09-03T11:22:08+00:00 INFO    [run=d3dde48b387e4e408f6e994f2944dcd9 phase=speed_test event=progress.updated] 测速  203/518 (39%)  有效 46  失败 157  浙江卫视
2026-09-03T11:22:37+00:00 INFO    [run=d3dde48b387e4e408f6e994f2944dcd9 phase=speed_test event=progress.updated] 测速  254/518 (49%)  有效 57  失败 197  东南卫视
2026-09-03T11:23:07+00:00 INFO    [run=d3dde48b387e4e408f6e994f2944dcd9 phase=speed_test event=progress.updated] 测速  298/518 (57%)  有效 61  失败 237  江西卫视
2026-09-03T11:23:37+00:00 INFO    [run=d3dde48b387e4e408f6e994f2944dcd9 phase=speed_test event=progress.updated] 测速  338/518 (65%)  有效 70  失败 268  宁夏卫视
2026-09-03T11:24:08+00:00 INFO    [run=d3dde48b387e4e408f6e994f2944dcd9 phase=speed_test event=progress.updated] 测速  380/518 (73%)  有效 75  失败 305  深圳卫视
2026-09-03T11:24:38+00:00 INFO    [run=d3dde48b387e4e408f6e994f2944dcd9 phase=speed_test event=progress.updated] 测速  422/518 (81%)  有效 81  失败 341  新疆卫视
2026-09-03T11:25:09+00:00 INFO    [run=d3dde48b387e4e408f6e994f2944dcd9 phase=speed_test event=progress.updated] 测速  465/518 (89%)  有效 90  失败 375  凤凰资讯
2026-09-03T11:25:34+00:00 INFO    [run=d3dde48b387e4e408f6e994f2944dcd9 phase=speed_test event=progress.updated] 测速  513/518 (99%)  有效 92  失败 421  辽宁体育
2026-09-03T11:25:38+00:00 INFO    [run=d3dde48b387e4e408f6e994f2944dcd9 phase=speed_test event=progress.updated] 测速  518/518 (100%)  有效 92  失败 426  安徽综艺体育
2026-09-03T11:25:38+00:00 INFO    [run=d3dde48b387e4e408f6e994f2944dcd9 phase=speed_test event=speed_test.artifacts_written] 测速明细已写入 output/log/speed_test.log，有效结果已写入 output/log/result.log
2026-09-03T11:25:38+00:00 INFO    [run=d3dde48b387e4e408f6e994f2944dcd9 phase=speed_test event=progress.finished] 测速  518/518  有效 92  失败 426
2026-09-03T11:25:38+00:00 INFO    [run=d3dde48b387e4e408f6e994f2944dcd9 phase=output event=output.written] 结果文件生成完成：更新 3 个文件
2026-09-03T11:25:38+00:00 INFO    [run=d3dde48b387e4e408f6e994f2944dcd9 phase=statistics event=statistics.finished] 频道统计完成：测试 518，有效 92
2026-09-03T11:25:38+00:00 INFO    [run=d3dde48b387e4e408f6e994f2944dcd9 phase=complete event=run.summary] 更新摘要
2026-09-03T11:25:38+00:00 INFO    [run=d3dde48b387e4e408f6e994f2944dcd9 phase=complete event=run.finished] 更新完成！总耗时：05:54
2026-09-06T07:41:02+00:00 INFO    [event=application.started] IPTV-API 版本: 3.0.0 (构建时间: 2026-08-07 11:45:59)
2026-09-06T07:41:02+00:00 INFO    [phase=prepare event=network.ipv6.checking] 🛜 正在检查当前网络是否支持IPv6...
2026-09-06T07:41:02+00:00 WARNING [phase=prepare event=network.ipv6.unsupported] 当前网络不支持IPv6，别担心，IPv6的结果会被保存下来
2026-09-06T07:41:02+00:00 INFO    [run=f11b812a275f4537a3c2bf31f749d327 phase=prepare event=run.started] 性能模式: auto → balance，可用资源: 4.0 CPU / 15.61 GB，并发: 测速 10、媒体探测 2、源抓取 8
2026-09-06T07:41:02+00:00 INFO    [run=f11b812a275f4537a3c2bf31f749d327 phase=prepare event=channels.catalog_loaded] 频道目录已加载：白名单 0，黑名单 2，台标 21
2026-09-06T07:41:02+00:00 INFO    [run=f11b812a275f4537a3c2bf31f749d327 phase=fetch event=sources.subscribe.summary] 订阅源数量：6，订阅白名单数量：0，停用地址数量：0，有效总数量：6
2026-09-06T07:41:02+00:00 INFO    [run=f11b812a275f4537a3c2bf31f749d327 phase=fetch event=progress.started] 正在进行获取订阅源  0/6
2026-09-06T07:41:02+00:00 INFO    [run=f11b812a275f4537a3c2bf31f749d327 phase=fetch event=sources.epg.summary] EPG源数量：1，EPG白名单数量：0，停用地址数量：0，有效总数量：1
2026-09-06T07:41:02+00:00 INFO    [run=f11b812a275f4537a3c2bf31f749d327 phase=fetch event=progress.started] 正在进行获取EPG源  0/1
2026-09-06T07:41:03+00:00 INFO    [run=f11b812a275f4537a3c2bf31f749d327 phase=fetch event=progress.updated] 正在进行获取订阅源  1/6 (16%)  剩余 5
2026-09-06T07:41:03+00:00 INFO    [run=f11b812a275f4537a3c2bf31f749d327 phase=fetch event=progress.updated] 正在进行获取订阅源  2/6 (33%)  剩余 4
2026-09-06T07:41:03+00:00 INFO    [run=f11b812a275f4537a3c2bf31f749d327 phase=fetch event=epg.source_parsed] EPG 源解析完成：http://e.erw.cc/e.xml.gz，保留节目 3592 条
2026-09-06T07:41:03+00:00 INFO    [run=f11b812a275f4537a3c2bf31f749d327 phase=fetch event=progress.updated] 正在进行获取EPG源  1/1 (100%)  剩余 0
2026-09-06T07:41:03+00:00 INFO    [run=f11b812a275f4537a3c2bf31f749d327 phase=fetch event=progress.updated] 正在进行获取订阅源  3/6 (50%)  剩余 3
2026-09-06T07:41:03+00:00 INFO    [run=f11b812a275f4537a3c2bf31f749d327 phase=fetch event=progress.updated] 正在进行获取订阅源  4/6 (66%)  剩余 2
2026-09-06T07:41:03+00:00 INFO    [run=f11b812a275f4537a3c2bf31f749d327 phase=fetch event=progress.updated] 正在进行获取订阅源  5/6 (83%)  剩余 1
2026-09-06T07:41:03+00:00 INFO    [run=f11b812a275f4537a3c2bf31f749d327 phase=fetch event=sources.epg.finished] EPG源: ✅ 有效地址数量：1，⛔ 停用地址数量：0
2026-09-06T07:41:03+00:00 INFO    [run=f11b812a275f4537a3c2bf31f749d327 phase=fetch event=progress.finished] 正在进行获取EPG源  1/1  匹配 105 个频道
2026-09-06T07:41:03+00:00 INFO    [run=f11b812a275f4537a3c2bf31f749d327 phase=fetch event=progress.updated] 正在进行获取订阅源  6/6 (100%)  剩余 0
2026-09-06T07:41:03+00:00 INFO    [run=f11b812a275f4537a3c2bf31f749d327 phase=fetch event=sources.subscribe.finished] 订阅源: ✅ 有效地址数量：6，⛔ 停用地址数量：0
2026-09-06T07:41:03+00:00 INFO    [run=f11b812a275f4537a3c2bf31f749d327 phase=fetch event=progress.finished] 正在进行获取订阅源  6/6  未匹配 4087
2026-09-06T07:41:25+00:00 INFO    [run=f11b812a275f4537a3c2bf31f749d327 phase=aggregate event=channels.aggregated] 频道数据聚合完成：153 个频道，540 个接口（IPv4 540 / IPv6 0）
2026-09-06T07:41:25+00:00 INFO    [run=f11b812a275f4537a3c2bf31f749d327 phase=speed_test event=speed_test.planned] 总接口数量: 489, 需要进行测速的接口数量: 489
2026-09-06T07:41:25+00:00 INFO    [run=f11b812a275f4537a3c2bf31f749d327 phase=speed_test event=progress.started] 测速  0/489
2026-09-06T07:41:26+00:00 INFO    [run=f11b812a275f4537a3c2bf31f749d327 phase=speed_test event=progress.updated] 测速  1/489 (0%)  有效 0  失败 1  CCTV-1
2026-09-06T07:41:49+00:00 INFO    [run=f11b812a275f4537a3c2bf31f749d327 phase=speed_test event=progress.updated] 测速  49/489 (10%)  有效 13  失败 36  CCTV-8
2026-09-06T07:42:13+00:00 INFO    [run=f11b812a275f4537a3c2bf31f749d327 phase=speed_test event=progress.updated] 测速  98/489 (20%)  有效 22  失败 76  CCTV-13
2026-09-06T07:42:23+00:00 INFO    [run=f11b812a275f4537a3c2bf31f749d327 phase=speed_test event=progress.updated] 测速  147/489 (30%)  有效 45  失败 102  广东卫视
2026-09-06T07:42:45+00:00 INFO    [run=f11b812a275f4537a3c2bf31f749d327 phase=speed_test event=progress.updated] 测速  196/489 (40%)  有效 58  失败 138  重庆卫视
2026-09-06T07:43:14+00:00 INFO    [run=f11b812a275f4537a3c2bf31f749d327 phase=speed_test event=progress.updated] 测速  245/489 (50%)  有效 67  失败 178  江苏卫视
2026-09-06T07:43:44+00:00 INFO    [run=f11b812a275f4537a3c2bf31f749d327 phase=speed_test event=progress.updated] 测速  285/489 (58%)  有效 73  失败 212  辽宁卫视
2026-09-06T07:44:14+00:00 INFO    [run=f11b812a275f4537a3c2bf31f749d327 phase=speed_test event=progress.updated] 测速  331/489 (67%)  有效 84  失败 247  山东卫视
2026-09-06T07:44:45+00:00 INFO    [run=f11b812a275f4537a3c2bf31f749d327 phase=speed_test event=progress.updated] 测速  366/489 (74%)  有效 88  失败 278  天津卫视
2026-09-06T07:45:15+00:00 INFO    [run=f11b812a275f4537a3c2bf31f749d327 phase=speed_test event=progress.updated] 测速  411/489 (84%)  有效 97  失败 314  云南卫视
2026-09-06T07:45:41+00:00 INFO    [run=f11b812a275f4537a3c2bf31f749d327 phase=speed_test event=progress.updated] 测速  460/489 (94%)  有效 107  失败 353  星空卫视
2026-09-06T07:45:58+00:00 INFO    [run=f11b812a275f4537a3c2bf31f749d327 phase=speed_test event=progress.updated] 测速  489/489 (100%)  有效 110  失败 379  安徽综艺体育
2026-09-06T07:45:58+00:00 INFO    [run=f11b812a275f4537a3c2bf31f749d327 phase=speed_test event=speed_test.artifacts_written] 测速明细已写入 output/log/speed_test.log，有效结果已写入 output/log/result.log
2026-09-06T07:45:58+00:00 INFO    [run=f11b812a275f4537a3c2bf31f749d327 phase=speed_test event=progress.finished] 测速  489/489  有效 110  失败 379
2026-09-06T07:45:58+00:00 INFO    [run=f11b812a275f4537a3c2bf31f749d327 phase=output event=output.written] 结果文件生成完成：更新 3 个文件
2026-09-06T07:45:58+00:00 INFO    [run=f11b812a275f4537a3c2bf31f749d327 phase=statistics event=statistics.finished] 频道统计完成：测试 489，有效 110
2026-09-06T07:45:58+00:00 INFO    [run=f11b812a275f4537a3c2bf31f749d327 phase=complete event=run.summary] 更新摘要
2026-09-06T07:45:58+00:00 INFO    [run=f11b812a275f4537a3c2bf31f749d327 phase=complete event=run.finished] 更新完成！总耗时：04:56
